******************************************************************************
                  MSP430 Linker Unix v16.9.0                   
******************************************************************************
>> Linked Tue Apr  4 11:14:07 2017

OUTPUT FILE NAME:   <Octanis3-Firmware.out>
ENTRY POINT SYMBOL: "_c_int00_noargs_noexit"  address: 0000512e


MEMORY CONFIGURATION

         name            origin    length      used     unused   attr    fill
----------------------  --------  ---------  --------  --------  ----  --------
  SFR                   00000000   00000010  00000000  00000010  RWIX
  PERIPHERALS_8BIT      00000010   000000f0  00000000  000000f0  RWIX
  PERIPHERALS_16BIT     00000100   00000100  00000000  00000100  RWIX
  INFOD                 00001800   00000080  00000000  00000080  RWIX
  INFOC                 00001880   00000080  00000000  00000080  RWIX
  INFOB                 00001900   00000080  00000000  00000080  RWIX
  INFOA                 00001980   00000080  00000000  00000080  RWIX
  RAM                   00001c00   00000800  0000064b  000001b5  RWIX
  FRAM                  00004400   0000bb80  000017ff  0000a381  RWIX
  JTAGSIGNATURE         0000ff80   00000004  00000004  00000000  RWIX  ffff 
  BSLSIGNATURE          0000ff84   00000004  00000004  00000000  RWIX  ffff 
  IPESIGNATURE          0000ff88   00000008  00000008  00000000  RWIX  ffff 
  INT00                 0000ff90   00000002  00000000  00000002  RWIX
  INT01                 0000ff92   00000002  00000000  00000002  RWIX
  INT02                 0000ff94   00000002  00000000  00000002  RWIX
  INT03                 0000ff96   00000002  00000000  00000002  RWIX
  INT04                 0000ff98   00000002  00000000  00000002  RWIX
  INT05                 0000ff9a   00000002  00000000  00000002  RWIX
  INT06                 0000ff9c   00000002  00000000  00000002  RWIX
  INT07                 0000ff9e   00000002  00000000  00000002  RWIX
  INT08                 0000ffa0   00000002  00000000  00000002  RWIX
  INT09                 0000ffa2   00000002  00000000  00000002  RWIX
  INT10                 0000ffa4   00000002  00000000  00000002  RWIX
  INT11                 0000ffa6   00000002  00000000  00000002  RWIX
  INT12                 0000ffa8   00000002  00000000  00000002  RWIX
  INT13                 0000ffaa   00000002  00000000  00000002  RWIX
  INT14                 0000ffac   00000002  00000000  00000002  RWIX
  INT15                 0000ffae   00000002  00000000  00000002  RWIX
  INT16                 0000ffb0   00000002  00000000  00000002  RWIX
  INT17                 0000ffb2   00000002  00000000  00000002  RWIX
  INT18                 0000ffb4   00000002  00000000  00000002  RWIX
  INT19                 0000ffb6   00000002  00000000  00000002  RWIX
  INT20                 0000ffb8   00000002  00000000  00000002  RWIX
  INT21                 0000ffba   00000002  00000000  00000002  RWIX
  INT22                 0000ffbc   00000002  00000000  00000002  RWIX
  INT23                 0000ffbe   00000002  00000000  00000002  RWIX
  INT24                 0000ffc0   00000002  00000000  00000002  RWIX
  INT25                 0000ffc2   00000002  00000000  00000002  RWIX
  INT26                 0000ffc4   00000002  00000000  00000002  RWIX
  INT27                 0000ffc6   00000002  00000000  00000002  RWIX
  INT28                 0000ffc8   00000002  00000000  00000002  RWIX
  INT29                 0000ffca   00000002  00000000  00000002  RWIX
  INT30                 0000ffcc   00000002  00000002  00000000  RWIX
  INT31                 0000ffce   00000002  00000002  00000000  RWIX
  INT32                 0000ffd0   00000002  00000002  00000000  RWIX
  INT33                 0000ffd2   00000002  00000002  00000000  RWIX
  INT34                 0000ffd4   00000002  00000002  00000000  RWIX
  INT35                 0000ffd6   00000002  00000002  00000000  RWIX
  INT36                 0000ffd8   00000002  00000002  00000000  RWIX
  INT37                 0000ffda   00000002  00000002  00000000  RWIX
  INT38                 0000ffdc   00000002  00000002  00000000  RWIX
  INT39                 0000ffde   00000002  00000002  00000000  RWIX
  INT40                 0000ffe0   00000002  00000002  00000000  RWIX
  INT41                 0000ffe2   00000002  00000002  00000000  RWIX
  INT42                 0000ffe4   00000002  00000002  00000000  RWIX
  INT43                 0000ffe6   00000002  00000002  00000000  RWIX
  INT44                 0000ffe8   00000002  00000002  00000000  RWIX
  INT45                 0000ffea   00000002  00000002  00000000  RWIX
  INT46                 0000ffec   00000002  00000002  00000000  RWIX
  INT47                 0000ffee   00000002  00000002  00000000  RWIX
  INT48                 0000fff0   00000002  00000002  00000000  RWIX
  INT49                 0000fff2   00000002  00000002  00000000  RWIX
  INT50                 0000fff4   00000002  00000002  00000000  RWIX
  INT51                 0000fff6   00000002  00000002  00000000  RWIX
  INT52                 0000fff8   00000002  00000002  00000000  RWIX
  INT53                 0000fffa   00000002  00000002  00000000  RWIX
  INT54                 0000fffc   00000002  00000002  00000000  RWIX
  RESET                 0000fffe   00000002  00000002  00000000  RWIX
  FRAM2                 00010000   00004000  00004000  00000000  RWIX


SECTION ALLOCATION MAP

 output                                  attributes/
section   page    origin      length       input sections
--------  ----  ----------  ----------   ----------------
.data      0    00001c00    0000034b     UNINITIALIZED
                  00001c00    00000080     nestbox_rtos_pe430X.oe430X (.data:ti_sysbios_knl_Swi_Module_State_0_readyQ__A)
                  00001c80    00000080     nestbox_rtos_pe430X.oe430X (.data:ti_sysbios_knl_Task_Module_State_0_readyQ__A)
                  00001d00    0000003e     nestbox_rtos_pe430X.oe430X (.data:ti_sysbios_knl_Task_Object__table__V)
                  00001d3e    0000003c     nestbox_rtos_pe430X.oe430X (.data:ti_sysbios_knl_Task_Module__state__V)
                  00001d7a    00000036     nestbox_rtos_pe430X.oe430X (.data:ti_sysbios_family_msp430_Timer_Object__table__V)
                  00001db0    00000034     nestbox_rtos_pe430X.oe430X (.data:ti_sysbios_gates_GateMutex_Object__table__V)
                  00001de4    00000026     nestbox_rtos_pe430X.oe430X (.data:ti_sysbios_knl_Clock_Module__state__V)
                  00001e0a    00000026     nestbox_rtos_pe430X.oe430X (.data:ti_sysbios_knl_Swi_Object__table__V)
                  00001e30    00000020     nestbox_rtos_pe430X.oe430X (.data:ti_sysbios_BIOS_Module__state__V)
                  00001e50    0000001e     nestbox_rtos_pe430X.oe430X (.data:ti_sysbios_family_msp430_Timer_Module_State_0_device__A)
                  00001e6e    0000001c     nestbox_rtos_pe430X.oe430X (.data:ti_sysbios_family_msp430_Hwi_Object__table__V)
                  00001e8a    00000016     nestbox_rtos_pe430X.oe430X (.data:ti_sysbios_heaps_HeapMem_Object__table__V)
                  00001ea0    00000016     nestbox_rtos_pe430X.oe430X (.data:ti_sysbios_knl_Swi_Module__state__V)
                  00001eb6    00000014     nestbox_init.obj (.data:gpioPinConfigs)
                  00001eca    00000014     nestbox_rtos_pe430X.oe430X (.data:ti_sysbios_family_msp430_Timer_Module_State_0_handles__A)
                  00001ede    0000000a     nestbox_rtos_pe430X.oe430X (.data:ti_sysbios_family_msp430_Timer_Module__state__V)
                  00001ee8    00000008     nestbox_init.obj (.data:gpioCallbackFunctions)
                  00001ef0    00000008     nestbox_rtos_pe430X.oe430X (.data:ti_sysbios_family_msp430_Hwi_Module__state__V)
                  00001ef8    00000008     nestbox_rtos_pe430X.oe430X (.data:ti_sysbios_gates_GateHwi_Module__root__V)
                  00001f00    00000008     nestbox_rtos_pe430X.oe430X (.data:ti_sysbios_gates_GateMutex_Module__root__V)
                  00001f08    00000008     nestbox_rtos_pe430X.oe430X (.data:ti_sysbios_heaps_HeapMem_Module__root__V)
                  00001f10    00000008     nestbox_rtos_pe430X.oe430X (.data:ti_sysbios_knl_Queue_Module__root__V)
                  00001f18    00000008     nestbox_rtos_pe430X.oe430X (.data:ti_sysbios_knl_Semaphore_Module__root__V)
                  00001f20    00000008     nestbox_rtos_pe430X.oe430X (.data:ti_sysbios_knl_Task_Module__root__V)
                  00001f28    00000008     nestbox_rtos_pe430X.oe430X (.data:xdc_runtime_Startup_Module__state__V)
                  00001f30    00000006     nestbox_rtos_pe430X.oe430X (.data:xdc_runtime_System_Module__state__V)
                  00001f36    00000004     rts430x_lc_rd_eabi.lib : _lock.obj (.data:_lock)
                  00001f3a    00000004                            : _lock.obj (.data:_unlock)
                  00001f3e    00000004     nestbox_rtos_pe430X.oe430X (.data:ti_sysbios_gates_GateHwi_Object__table__V)
                  00001f42    00000004     nestbox_rtos_pe430X.oe430X (.data:ti_sysbios_knl_Task_Module_State_0_idleTask__A)
                  00001f46    00000002     drivers_MSP430FR5969_instrumented.ae430X : SPI.oe430X (.data)
                  00001f48    00000002     nestbox_rtos_pe430X.oe430X (.data:xdc_runtime_Memory_Module__state__V)
                  00001f4a    00000001     drivers_MSP430FR5969_instrumented.ae430X : GPIOMSP430.oe430X (.data)

.TI.persistent 
*          0    00004400    00000000     UNINITIALIZED

.cio       0    00004400    00000000     UNINITIALIZED

.sysmem    0    00004400    00000000     UNINITIALIZED

.ipestruct 
*          0    00004400    00000000     UNINITIALIZED

.ipe       0    00004400    00000000     UNINITIALIZED

.ipe:_isr 
*          0    00004400    00000000     UNINITIALIZED

.cinit     0    00005a58    000001a8     
                  00005a58    00000186     (.cinit..data.load) [load image, compression = lzss]
                  00005bde    0000000c     (__TI_handler_table)
                  00005bea    00000006     (.cinit..bss.load) [load image, compression = zero_init]
                  00005bf0    00000010     (__TI_cinit_table)

.init_array 
*          0    00004400    00000000     UNINITIALIZED

.text:_isr 
*          0    0000512e    00000094     
                  0000512e    00000026     boot.ae430X : boot_special.oe430X (.text:_isr:_c_int00_noargs_noexit)
                  00005154    00000020     sysbios.ae430X : BIOS.obj (.text:_isr:ti_sysbios_family_msp430_Hwi32)
                  00005174    00000020                    : BIOS.obj (.text:_isr:ti_sysbios_family_msp430_Hwi45)
                  00005194    00000002                    : BIOS.obj (.text:_isr:ti_sysbios_family_msp430_Hwi30)
                  00005196    00000002                    : BIOS.obj (.text:_isr:ti_sysbios_family_msp430_Hwi31)
                  00005198    00000002                    : BIOS.obj (.text:_isr:ti_sysbios_family_msp430_Hwi33)
                  0000519a    00000002                    : BIOS.obj (.text:_isr:ti_sysbios_family_msp430_Hwi34)
                  0000519c    00000002                    : BIOS.obj (.text:_isr:ti_sysbios_family_msp430_Hwi35)
                  0000519e    00000002                    : BIOS.obj (.text:_isr:ti_sysbios_family_msp430_Hwi36)
                  000051a0    00000002                    : BIOS.obj (.text:_isr:ti_sysbios_family_msp430_Hwi37)
                  000051a2    00000002                    : BIOS.obj (.text:_isr:ti_sysbios_family_msp430_Hwi38)
                  000051a4    00000002                    : BIOS.obj (.text:_isr:ti_sysbios_family_msp430_Hwi39)
                  000051a6    00000002                    : BIOS.obj (.text:_isr:ti_sysbios_family_msp430_Hwi40)
                  000051a8    00000002                    : BIOS.obj (.text:_isr:ti_sysbios_family_msp430_Hwi41)
                  000051aa    00000002                    : BIOS.obj (.text:_isr:ti_sysbios_family_msp430_Hwi42)
                  000051ac    00000002                    : BIOS.obj (.text:_isr:ti_sysbios_family_msp430_Hwi43)
                  000051ae    00000002                    : BIOS.obj (.text:_isr:ti_sysbios_family_msp430_Hwi44)
                  000051b0    00000002                    : BIOS.obj (.text:_isr:ti_sysbios_family_msp430_Hwi46)
                  000051b2    00000002                    : BIOS.obj (.text:_isr:ti_sysbios_family_msp430_Hwi47)
                  000051b4    00000002                    : BIOS.obj (.text:_isr:ti_sysbios_family_msp430_Hwi48)
                  000051b6    00000002                    : BIOS.obj (.text:_isr:ti_sysbios_family_msp430_Hwi49)
                  000051b8    00000002                    : BIOS.obj (.text:_isr:ti_sysbios_family_msp430_Hwi50)
                  000051ba    00000002                    : BIOS.obj (.text:_isr:ti_sysbios_family_msp430_Hwi51)
                  000051bc    00000002                    : BIOS.obj (.text:_isr:ti_sysbios_family_msp430_Hwi52)
                  000051be    00000002                    : BIOS.obj (.text:_isr:ti_sysbios_family_msp430_Hwi53)
                  000051c0    00000002                    : BIOS.obj (.text:_isr:ti_sysbios_family_msp430_Hwi54)

.bss       0    00004400    00000d2e     UNINITIALIZED
                  00004400    00000400     (.common:rfid_task_Stack)
                  00004800    00000200     nestbox_rtos_pe430X.oe430X (.bss:taskStackSection)
                  00004a00    00000200     (.common:hb_task_Stack)
                  00004c00    00000200     (.common:lb_task_Stack)
                  00004e00    00000200     (.common:ti_sysbios_heaps_HeapMem_Instance_State_0_buf__A)
                  00005000    00000042     (.common:hb_task_Struct)
                  00005042    00000042     (.common:lb_task_Struct)
                  00005084    00000042     (.common:rfid_task_Struct)
                  000050c6    00000040     (.common:gpioCallbackInfo)
                  00005106    00000026     (.common:spiEUSCIBDMAObjects)
                  0000512c    00000002     (.common:spiEUSCIBDMAscratchBuf)

.stack     0    00002100    00000300     UNINITIALIZED
                  00002100    00000004     boot.ae430X : boot.oe430X (.stack)
                  00002104    000002fc     --HOLE--

.text.1    0    000051c2    0000014e     
                  000051c2    0000000c     nestbox_rtos_pe430X.oe430X (.text:ti_sysbios_knl_Semaphore_Params__init__S)
                  000051ce    0000000c     nestbox_rtos_pe430X.oe430X (.text:ti_sysbios_knl_Task_Params__init__S)
                  000051da    0000000c     ti.targets.msp430.rts430.ae430X : Gate.oe430X (.text:xdc_runtime_Gate_leaveSystem__E)
                  000051e6    0000000c                                     : Memory.oe430X (.text:xdc_runtime_Memory_free__E)
                  000051f2    0000000c                                     : Startup.oe430X (.text:xdc_runtime_Startup_rtsDone__E)
                  000051fe    0000000a     drivers_MSP430FR5969_instrumented.ae430X : SPIEUSCIBDMA.oe430X (.text:SPIEUSCIBDMA_init)
                  00005208    0000000a     rts430x_lc_rd_eabi.lib : lsl16.obj (.text)
                  00005212    0000000a     sysbios.ae430X : BIOS.obj (.text:ti_sysbios_BIOS_start__E)
                  0000521c    0000000a                    : BIOS.obj (.text:ti_sysbios_family_msp430_Hwi_startup__E)
                  00005226    0000000a                    : BIOS.obj (.text:ti_sysbios_gates_GateHwi_enter__E)
                  00005230    0000000a                    : BIOS.obj (.text:ti_sysbios_knl_Queue_Instance_init__E)
                  0000523a    00000008     ti.catalog.msp430.init.ae430X : Boot.oe430X (.text:.bootCodeSection:ti_catalog_msp430_init_Boot_disableWatchdog)
                  00005242    00000008     MSP430FR5969.lib : eusci_b_spi.obj (.text:EUSCI_B_SPI_getReceiveBufferAddress)
                  0000524a    00000008                      : eusci_b_spi.obj (.text:EUSCI_B_SPI_getTransmitBufferAddress)
                  00005252    00000008     nestbox_init.obj (.text:nbox_initGeneral)
                  0000525a    00000008     sysbios.ae430X : BIOS.obj (.text:ti_sysbios_family_msp430_Hwi_switchFromBootStack__E)
                  00005262    00000008                    : BIOS.obj (.text:ti_sysbios_family_msp430_TaskSupport_getStackAlignment__E)
                  0000526a    00000008     ti.targets.msp430.rts430.ae430X : Gate.oe430X (.text:xdc_runtime_Gate_enterSystem__E)
                  00005272    00000008     nestbox_rtos_pe430X.oe430X (.text:xdc_runtime_IHeap_alloc)
                  0000527a    00000008     nestbox_rtos_pe430X.oe430X (.text:xdc_runtime_IHeap_free)
                  00005282    00000008     ti.targets.msp430.rts430.ae430X : Memory.oe430X (.text:xdc_runtime_Memory_getMaxDefaultTypeAlign__E)
                  0000528a    00000006     MSP430FR5969.lib : eusci_b_spi.obj (.text:EUSCI_B_SPI_disable)
                  00005290    00000006                      : eusci_b_spi.obj (.text:EUSCI_B_SPI_enable)
                  00005296    00000006     drivers_MSP430FR5969_instrumented.ae430X : SPIEUSCIBDMA.oe430X (.text:SPIEUSCIBDMA_control)
                  0000529c    00000006     rts430x_lc_rd_eabi.lib : _lock.obj (.text:_register_lock)
                  000052a2    00000006                            : _lock.obj (.text:_register_unlock)
                  000052a8    00000006     sysbios.ae430X : BIOS.obj (.text:ti_sysbios_heaps_HeapMem_isBlocking__E)
                  000052ae    00000006                    : BIOS.obj (.text:ti_sysbios_knl_Idle_loop__E)
                  000052b4    00000006                    : BIOS.obj (.text:ti_sysbios_knl_Swi_startup__E)
                  000052ba    00000004     boot.ae430X : pre_init.oe430X (.text:_system_pre_init)
                  000052be    00000004     nestbox_rtos_pe430X.oe430X (.text:ti_sysbios_BIOS_RtsGateProxy_enter__E)
                  000052c2    00000004     nestbox_rtos_pe430X.oe430X (.text:ti_sysbios_BIOS_RtsGateProxy_leave__E)
                  000052c6    00000004     nestbox_rtos_pe430X.oe430X (.text:ti_sysbios_family_msp430_TaskSupport_Module__startupDone__S)
                  000052ca    00000004     sysbios.ae430X : BIOS.obj (.text:ti_sysbios_gates_GateHwi_query__E)
                  000052ce    00000004                    : BIOS.obj (.text:ti_sysbios_gates_GateMutex_query__E)
                  000052d2    00000004     nestbox_rtos_pe430X.oe430X (.text:ti_sysbios_heaps_HeapMem_Module_GateProxy_enter__E)
                  000052d6    00000004     nestbox_rtos_pe430X.oe430X (.text:ti_sysbios_heaps_HeapMem_Module_GateProxy_leave__E)
                  000052da    00000004     nestbox_rtos_pe430X.oe430X (.text:ti_sysbios_knl_Clock_TimerProxy_getMaxTicks__E)
                  000052de    00000004     nestbox_rtos_pe430X.oe430X (.text:ti_sysbios_knl_Queue_destruct)
                  000052e2    00000004     nestbox_rtos_pe430X.oe430X (.text:ti_sysbios_knl_Semaphore_destruct)
                  000052e6    00000004     sysbios.ae430X : BIOS.obj (.text:ti_sysbios_knl_Task_startup__E)
                  000052ea    00000004     ti.targets.msp430.rts430.ae430X : SysCallback.oe430X (.text:xdc_runtime_SysCallback_abort__E)
                  000052ee    00000004                                     : SysCallback.oe430X (.text:xdc_runtime_SysCallback_exit__E)
                  000052f2    00000004     nestbox_rtos_pe430X.oe430X (.text:xdc_runtime_System_Module_GateProxy_enter__E)
                  000052f6    00000004     nestbox_rtos_pe430X.oe430X (.text:xdc_runtime_System_Module_GateProxy_leave__E)
                  000052fa    00000004     ti.targets.msp430.rts430.ae430X : System.oe430X (.text:xdc_runtime_System_Module_startup__E)
                  000052fe    00000002     sysbios.ae430X : BIOS.obj (.text:ti_sysbios_BIOS_linkedWithIncorrectBootLibrary__E)
                  00005300    00000002     nestbox_rtos_pe430X.oe430X (.text:ti_sysbios_BIOS_nullFunc__I)
                  00005302    00000002     sysbios.ae430X : BIOS.obj (.text:ti_sysbios_gates_GateHwi_Instance_init__E)
                  00005304    00000002                    : BIOS.obj (.text:ti_sysbios_knl_Clock_logTick__E)
                  00005306    00000002     ti.targets.msp430.rts430.ae430X : Error.oe430X (.text:xdc_runtime_Error_policySpin__E)
                  00005308    00000002                                     : SysCallback.oe430X (.text:xdc_runtime_SysCallback_defaultAbort)
                  0000530a    00000002                                     : SysCallback.oe430X (.text:xdc_runtime_SysCallback_defaultExit)
                  0000530c    00000002                                     : System.oe430X (.text:xdc_runtime_System_abortSpin__E)
                  0000530e    00000002                                     : System.oe430X (.text:xdc_runtime_System_exitSpin__E)

$fill000   0    0000ff80    00000004     
                  0000ff80    00000004     --HOLE-- [fill = ffff]

$fill001   0    0000ff84    00000004     
                  0000ff84    00000004     --HOLE-- [fill = ffff]

$fill002   0    0000ff88    00000008     
                  0000ff88    00000008     --HOLE-- [fill = ffff]

AES256     0    0000ffcc    00000002     
                  0000ffcc    00000002     sysbios.ae430X : BIOS.obj (.int30)

RTC        0    0000ffce    00000002     
                  0000ffce    00000002     sysbios.ae430X : BIOS.obj (.int31)

PORT4      0    0000ffd0    00000002     
                  0000ffd0    00000002     sysbios.ae430X : BIOS.obj (.int32)

PORT3      0    0000ffd2    00000002     
                  0000ffd2    00000002     sysbios.ae430X : BIOS.obj (.int33)

TIMER3_A1 
*          0    0000ffd4    00000002     
                  0000ffd4    00000002     sysbios.ae430X : BIOS.obj (.int34)

TIMER3_A0 
*          0    0000ffd6    00000002     
                  0000ffd6    00000002     sysbios.ae430X : BIOS.obj (.int35)

PORT2      0    0000ffd8    00000002     
                  0000ffd8    00000002     sysbios.ae430X : BIOS.obj (.int36)

TIMER2_A1 
*          0    0000ffda    00000002     
                  0000ffda    00000002     sysbios.ae430X : BIOS.obj (.int37)

TIMER2_A0 
*          0    0000ffdc    00000002     
                  0000ffdc    00000002     sysbios.ae430X : BIOS.obj (.int38)

PORT1      0    0000ffde    00000002     
                  0000ffde    00000002     sysbios.ae430X : BIOS.obj (.int39)

TIMER1_A1 
*          0    0000ffe0    00000002     
                  0000ffe0    00000002     sysbios.ae430X : BIOS.obj (.int40)

TIMER1_A0 
*          0    0000ffe2    00000002     
                  0000ffe2    00000002     sysbios.ae430X : BIOS.obj (.int41)

DMA        0    0000ffe4    00000002     
                  0000ffe4    00000002     sysbios.ae430X : BIOS.obj (.int42)

USCI_A1    0    0000ffe6    00000002     
                  0000ffe6    00000002     sysbios.ae430X : BIOS.obj (.int43)

TIMER0_A1 
*          0    0000ffe8    00000002     
                  0000ffe8    00000002     sysbios.ae430X : BIOS.obj (.int44)

TIMER0_A0 
*          0    0000ffea    00000002     
                  0000ffea    00000002     sysbios.ae430X : BIOS.obj (.int45)

ADC12      0    0000ffec    00000002     
                  0000ffec    00000002     sysbios.ae430X : BIOS.obj (.int46)

USCI_B0    0    0000ffee    00000002     
                  0000ffee    00000002     sysbios.ae430X : BIOS.obj (.int47)

USCI_A0    0    0000fff0    00000002     
                  0000fff0    00000002     sysbios.ae430X : BIOS.obj (.int48)

WDT        0    0000fff2    00000002     
                  0000fff2    00000002     sysbios.ae430X : BIOS.obj (.int49)

TIMER0_B1 
*          0    0000fff4    00000002     
                  0000fff4    00000002     sysbios.ae430X : BIOS.obj (.int50)

TIMER0_B0 
*          0    0000fff6    00000002     
                  0000fff6    00000002     sysbios.ae430X : BIOS.obj (.int51)

COMP_E     0    0000fff8    00000002     
                  0000fff8    00000002     sysbios.ae430X : BIOS.obj (.int52)

UNMI       0    0000fffa    00000002     
                  0000fffa    00000002     sysbios.ae430X : BIOS.obj (.int53)

SYSNMI     0    0000fffc    00000002     
                  0000fffc    00000002     sysbios.ae430X : BIOS.obj (.int54)

.reset     0    0000fffe    00000002     
                  0000fffe    00000002     boot.ae430X : boot.oe430X (.reset)

xdc.meta   0    00000000    00000116     COPY SECTION
                  00000000    00000116     nestbox_rtos_pe430X.oe430X (xdc.meta)

xdc.noload 
*          0    00000000    00000000     COPY SECTION

.const     0    00005310    00000747     
                  00005310    0000025a     drivers_MSP430FR5969_instrumented.ae430X : SPIEUSCIBDMA.oe430X (.const:.string)
                  0000556a    0000010c                                              : GPIOMSP430.oe430X (.const:.string)
                  00005676    00000046     nestbox_rtos_pe430X.oe430X (.const:.string)
                  000056bc    00000030     nestbox_rtos_pe430X.oe430X (.const:ti_sysbios_knl_Task_Object__PARAMS__C)
                  000056ec    0000002a     ti.targets.msp430.rts430.ae430X : Startup.oe430X (.const:.string)
                  00005716    00000026     nestbox_rtos_pe430X.oe430X (.const:ti_sysbios_heaps_HeapMem_Module__FXNS__C)
                  0000573c    00000022     nestbox_rtos_pe430X.oe430X (.const:ti_sysbios_gates_GateHwi_Module__FXNS__C)
                  0000575e    00000022     nestbox_rtos_pe430X.oe430X (.const:ti_sysbios_gates_GateMutex_Module__FXNS__C)
                  00005780    00000020     sysbios.ae430X : BIOS.obj (.const:IntrinsicsSupport_maxbitTable)
                  000057a0    0000001e     nestbox_rtos_pe430X.oe430X (.const:ti_sysbios_heaps_HeapMem_Object__PARAMS__C)
                  000057be    0000001c     MSP430FR5969.lib : gpio.obj (.const:GPIO_PORT_TO_BASE)
                  000057da    0000001c     drivers_MSP430FR5969_instrumented.ae430X : SPIEUSCIBDMA.oe430X (.const)
                  000057f6    0000001c     nestbox_rtos_pe430X.oe430X (.const:ti_sysbios_knl_Semaphore_Object__PARAMS__C)
                  00005812    0000001c     nestbox_rtos_pe430X.oe430X (.const:xdc_runtime_Startup_sfxnTab__A)
                  0000582e    00000018     nestbox_init.obj (.const:SPI_config)
                  00005846    00000018     nestbox_rtos_pe430X.oe430X (.const:ti_sysbios_gates_GateHwi_Object__DESC__C)
                  0000585e    00000018     nestbox_rtos_pe430X.oe430X (.const:ti_sysbios_gates_GateMutex_Object__DESC__C)
                  00005876    00000018     nestbox_rtos_pe430X.oe430X (.const:ti_sysbios_heaps_HeapMem_Object__DESC__C)
                  0000588e    00000018     nestbox_rtos_pe430X.oe430X (.const:ti_sysbios_knl_Queue_Object__DESC__C)
                  000058a6    00000018     nestbox_rtos_pe430X.oe430X (.const:ti_sysbios_knl_Semaphore_Object__DESC__C)
                  000058be    00000018     nestbox_rtos_pe430X.oe430X (.const:ti_sysbios_knl_Task_Object__DESC__C)
                  000058d6    00000016     nestbox_init.obj (.const:spiEUSCIBDMAHWAttrs)
                  000058ec    00000014     nestbox_rtos_pe430X.oe430X (.const:ti_sysbios_gates_GateHwi_Object__PARAMS__C)
                  00005900    00000014     nestbox_rtos_pe430X.oe430X (.const:ti_sysbios_gates_GateMutex_Object__PARAMS__C)
                  00005914    00000014     nestbox_rtos_pe430X.oe430X (.const:ti_sysbios_knl_Queue_Object__PARAMS__C)
                  00005928    00000010     nestbox_init.obj (.const:GPIOMSP430_config)
                  00005938    0000000e     nestbox_rtos_pe430X.oe430X (.const:xdc_runtime_Startup_sfxnRts__A)
                  00005946    0000000c     drivers_MSP430FR5969_instrumented.ae430X : SPIEUSCIBDMA.oe430X (.const:frameFormat)
                  00005952    00000008     nestbox_rtos_pe430X.oe430X (.const:xdc_runtime_Startup_firstFxns__A)
                  0000595a    00000006     drivers_MSP430FR5969_instrumented.ae430X : GPIOMSP430.oe430X (.const:.string:gpioInterruptTypes)
                  00005960    00000006     ti.targets.msp430.rts430.ae430X : Assert.oe430X (.const:.string)
                  00005966    00000006     nestbox_rtos_pe430X.oe430X (.const:ti_sysbios_family_msp430_Hwi_hooks__C)
                  0000596c    00000006     nestbox_rtos_pe430X.oe430X (.const:ti_sysbios_knl_Idle_funcList__C)
                  00005972    00000006     nestbox_rtos_pe430X.oe430X (.const:xdc_runtime_Startup_firstFxns__C)
                  00005978    00000006     nestbox_rtos_pe430X.oe430X (.const:xdc_runtime_Startup_lastFxns__C)
                  0000597e    00000004     nestbox_rtos_pe430X.oe430X (.const:ti_sysbios_family_msp430_ClockFreqs_ACLK__C)
                  00005982    00000004     nestbox_rtos_pe430X.oe430X (.const:ti_sysbios_family_msp430_ClockFreqs_SMCLK__C)
                  00005986    00000004     nestbox_rtos_pe430X.oe430X (.const:ti_sysbios_hal_Hwi_E_stackOverflow__C)
                  0000598a    00000004     nestbox_rtos_pe430X.oe430X (.const:ti_sysbios_heaps_HeapMem_E_memory__C)
                  0000598e    00000004     nestbox_rtos_pe430X.oe430X (.const:ti_sysbios_heaps_HeapMem_Module__gateObj__C)
                  00005992    00000004     nestbox_rtos_pe430X.oe430X (.const:ti_sysbios_knl_Idle_funcList__A)
                  00005996    00000004     nestbox_rtos_pe430X.oe430X (.const:ti_sysbios_knl_Task_E_spOutOfBounds__C)
                  0000599a    00000004     nestbox_rtos_pe430X.oe430X (.const:ti_sysbios_knl_Task_E_stackOverflow__C)
                  0000599e    00000004     nestbox_rtos_pe430X.oe430X (.const:ti_sysbios_knl_Task_allBlockedFunc__C)
                  000059a2    00000004     nestbox_rtos_pe430X.oe430X (.const:ti_sysbios_knl_Task_defaultStackHeap__C)
                  000059a6    00000004     nestbox_rtos_pe430X.oe430X (.const:xdc_runtime_Assert_E_assertFailed__C)
                  000059aa    00000004     nestbox_rtos_pe430X.oe430X (.const:xdc_runtime_Core_A_initializedParams__C)
                  000059ae    00000004     nestbox_rtos_pe430X.oe430X (.const:xdc_runtime_Core_Module__diagsEnabled__C)
                  000059b2    00000004     nestbox_rtos_pe430X.oe430X (.const:xdc_runtime_Core_Module__diagsIncluded__C)
                  000059b6    00000004     nestbox_rtos_pe430X.oe430X (.const:xdc_runtime_Core_Module__diagsMask__C)
                  000059ba    00000004     nestbox_rtos_pe430X.oe430X (.const:xdc_runtime_Error_E_memory__C)
                  000059be    00000004     nestbox_rtos_pe430X.oe430X (.const:xdc_runtime_Error_policyFxn__C)
                  000059c2    00000004     nestbox_rtos_pe430X.oe430X (.const:xdc_runtime_IGateProvider_Interface__BASE__C)
                  000059c6    00000004     nestbox_rtos_pe430X.oe430X (.const:xdc_runtime_IHeap_Interface__BASE__C)
                  000059ca    00000004     nestbox_rtos_pe430X.oe430X (.const:xdc_runtime_IModule_Interface__BASE__C)
                  000059ce    00000004     nestbox_rtos_pe430X.oe430X (.const:xdc_runtime_Log_L_error__C)
                  000059d2    00000004     nestbox_rtos_pe430X.oe430X (.const:xdc_runtime_Main_Module__diagsEnabled__C)
                  000059d6    00000004     nestbox_rtos_pe430X.oe430X (.const:xdc_runtime_Main_Module__diagsIncluded__C)
                  000059da    00000004     nestbox_rtos_pe430X.oe430X (.const:xdc_runtime_Main_Module__diagsMask__C)
                  000059de    00000004     nestbox_rtos_pe430X.oe430X (.const:xdc_runtime_Main_Module__loggerFxn2__C)
                  000059e2    00000004     nestbox_rtos_pe430X.oe430X (.const:xdc_runtime_Main_Module__loggerFxn4__C)
                  000059e6    00000004     nestbox_rtos_pe430X.oe430X (.const:xdc_runtime_Main_Module__loggerFxn8__C)
                  000059ea    00000004     nestbox_rtos_pe430X.oe430X (.const:xdc_runtime_Main_Module__loggerObj__C)
                  000059ee    00000004     nestbox_rtos_pe430X.oe430X (.const:xdc_runtime_Memory_defaultHeapInstance__C)
                  000059f2    00000004     nestbox_rtos_pe430X.oe430X (.const:xdc_runtime_Startup_execImpl__C)
                  000059f6    00000004     nestbox_rtos_pe430X.oe430X (.const:xdc_runtime_Startup_sfxnRts__C)
                  000059fa    00000004     nestbox_rtos_pe430X.oe430X (.const:xdc_runtime_Startup_sfxnTab__C)
                  000059fe    00000004     nestbox_rtos_pe430X.oe430X (.const:xdc_runtime_SysCallback_abortFxn__C)
                  00005a02    00000004     nestbox_rtos_pe430X.oe430X (.const:xdc_runtime_SysCallback_exitFxn__C)
                  00005a06    00000004     nestbox_rtos_pe430X.oe430X (.const:xdc_runtime_System_Module__gateObj__C)
                  00005a0a    00000004     nestbox_rtos_pe430X.oe430X (.const:xdc_runtime_System_abortFxn__C)
                  00005a0e    00000004     nestbox_rtos_pe430X.oe430X (.const:xdc_runtime_System_exitFxn__C)
                  00005a12    00000004     nestbox_rtos_pe430X.oe430X (.const:xdc_runtime_Text_charTab__C)
                  00005a16    00000004     nestbox_rtos_pe430X.oe430X (.const:xdc_runtime_Text_nameEmpty__C)
                  00005a1a    00000004     nestbox_rtos_pe430X.oe430X (.const:xdc_runtime_Text_nameStatic__C)
                  00005a1e    00000004     nestbox_rtos_pe430X.oe430X (.const:xdc_runtime_Text_nameUnknown__C)
                  00005a22    00000002     nestbox_rtos_pe430X.oe430X (.const:ti_sysbios_family_msp430_Hwi_Object__count__C)
                  00005a24    00000002     nestbox_rtos_pe430X.oe430X (.const:ti_sysbios_family_msp430_TaskSupport_stackAlignment__C)
                  00005a26    00000002     nestbox_rtos_pe430X.oe430X (.const:ti_sysbios_family_msp430_Timer_numTimerDevices__C)
                  00005a28    00000002     nestbox_rtos_pe430X.oe430X (.const:ti_sysbios_family_msp430_Timer_startupNeeded__C)
                  00005a2a    00000002     nestbox_rtos_pe430X.oe430X (.const:ti_sysbios_gates_GateMutex_Instance_State_sem__O)
                  00005a2c    00000002     nestbox_rtos_pe430X.oe430X (.const:ti_sysbios_hal_Hwi_Module__id__C)
                  00005a2e    00000002     nestbox_rtos_pe430X.oe430X (.const:ti_sysbios_heaps_HeapMem_Module__id__C)
                  00005a30    00000002     nestbox_rtos_pe430X.oe430X (.const:ti_sysbios_heaps_HeapMem_Object__count__C)
                  00005a32    00000002     nestbox_rtos_pe430X.oe430X (.const:ti_sysbios_heaps_HeapMem_reqAlign__C)
                  00005a34    00000002     nestbox_rtos_pe430X.oe430X (.const:ti_sysbios_knl_Clock_Module_State_clockQ__O)
                  00005a36    00000002     nestbox_rtos_pe430X.oe430X (.const:ti_sysbios_knl_Semaphore_Instance_State_pendQ__O)
                  00005a38    00000002     nestbox_rtos_pe430X.oe430X (.const:ti_sysbios_knl_Swi_Object__count__C)
                  00005a3a    00000002     nestbox_rtos_pe430X.oe430X (.const:ti_sysbios_knl_Task_Module_State_inactiveQ__O)
                  00005a3c    00000002     nestbox_rtos_pe430X.oe430X (.const:ti_sysbios_knl_Task_Module__id__C)
                  00005a3e    00000002     nestbox_rtos_pe430X.oe430X (.const:ti_sysbios_knl_Task_Object__count__C)
                  00005a40    00000002     nestbox_rtos_pe430X.oe430X (.const:ti_sysbios_knl_Task_defaultStackSize__C)
                  00005a42    00000002     nestbox_rtos_pe430X.oe430X (.const:ti_sysbios_knl_Task_numConstructedTasks__C)
                  00005a44    00000002     nestbox_rtos_pe430X.oe430X (.const:xdc_runtime_Core_Module__id__C)
                  00005a46    00000002     nestbox_rtos_pe430X.oe430X (.const:xdc_runtime_Error_policy__C)
                  00005a48    00000002     nestbox_rtos_pe430X.oe430X (.const:xdc_runtime_Main_Module__id__C)
                  00005a4a    00000002     nestbox_rtos_pe430X.oe430X (.const:xdc_runtime_Main_Module__loggerDefined__C)
                  00005a4c    00000002     nestbox_rtos_pe430X.oe430X (.const:xdc_runtime_Memory_Module__id__C)
                  00005a4e    00000002     nestbox_rtos_pe430X.oe430X (.const:xdc_runtime_Startup_maxPasses__C)
                  00005a50    00000002     nestbox_rtos_pe430X.oe430X (.const:xdc_runtime_System_maxAtexitHandlers__C)
                  00005a52    00000002     nestbox_rtos_pe430X.oe430X (.const:xdc_runtime_Text_charCnt__C)
                  00005a54    00000002     nestbox_rtos_pe430X.oe430X (.const:xdc_runtime_Text_isLoaded__C)
                  00005a56    00000001     nestbox_rtos_pe430X.oe430X (.const:xdc_runtime_Text_charTab__A)

.text.2    0    00010000    00004000     
                  00010000    000003b2     drivers_MSP430FR5969_instrumented.ae430X : SPIEUSCIBDMA.oe430X (.text:SPIEUSCIBDMA_open)
                  000103b2    000001d0                                              : SPIEUSCIBDMA.oe430X (.text:SPIEUSCIBDMA_configDMA)
                  00010582    000001c8     ti.targets.msp430.rts430.ae430X : Core-mem.oe430X (.text:xdc_runtime_Core_createObject__I)
                  0001074a    00000180     sysbios.ae430X : BIOS.obj (.text:ti_sysbios_knl_Semaphore_pend__E)
                  000108ca    0000017e     drivers_MSP430FR5969_instrumented.ae430X : GPIOMSP430.oe430X (.text:GPIO_setConfig)
                  00010a48    0000016c     ti.targets.msp430.rts430.ae430X : Core-smem.oe430X (.text:xdc_runtime_Core_constructObject__I)
                  00010bb4    0000016a     drivers_MSP430FR5969_instrumented.ae430X : SPIEUSCIBDMA.oe430X (.text:SPIEUSCIBDMA_transfer)
                  00010d1e    00000150                                              : SPIEUSCIBDMA.oe430X (.text:SPIEUSCIBDMA_hwiIntFxn)
                  00010e6e    0000013a                                              : GPIOMSP430.oe430X (.text:GPIO_write)
                  00010fa8    0000013a     sysbios.ae430X : BIOS.obj (.text:ti_sysbios_heaps_HeapMem_alloc__E)
                  000110e2    00000136                    : BIOS.obj (.text:ti_sysbios_knl_Task_checkStacks__E)
                  00011218    00000128                    : BIOS.obj (.text:ti_sysbios_knl_Task_Instance_init__E)
                  00011340    00000112     drivers_MSP430FR5969_instrumented.ae430X : GPIOMSP430.oe430X (.text:GPIO_toggle)
                  00011452    00000100     sysbios.ae430X : BIOS.obj (.text:ti_sysbios_knl_Swi_restoreHwi__E)
                  00011552    000000e2                    : BIOS.obj (.text:ti_sysbios_knl_Task_sleep__E)
                  00011634    000000dc                    : BIOS.obj (.text:ti_sysbios_knl_Swi_runLoop__I)
                  00011710    000000dc                    : BIOS.obj (.text:ti_sysbios_knl_Task_Instance_finalize__E)
                  000117ec    000000cc                    : BIOS.obj (.text:ti_sysbios_knl_Task_startCore__E)
                  000118b8    000000c6     drivers_MSP430FR5969_instrumented.ae430X : GPIOMSP430.oe430X (.text:GPIO_enableInt)
                  0001197e    000000c6     main.obj (.text:main)
                  00011a44    000000c6     sysbios.ae430X : BIOS.obj (.text:ti_sysbios_heaps_HeapMem_free__E)
                  00011b0a    000000c0     ti.targets.msp430.rts430.ae430X : Startup.oe430X (.text:xdc_runtime_Startup_startMods__I)
                  00011bca    000000b8     drivers_MSP430FR5969_instrumented.ae430X : GPIOMSP430.oe430X (.text:GPIO_init)
                  00011c82    000000b8     sysbios.ae430X : BIOS.obj (.text:ti_sysbios_knl_Task_schedule__I)
                  00011d3a    000000b4                    : BIOS.obj (.text:ti_sysbios_knl_Swi_schedule__I)
                  00011dee    000000b0                    : BIOS.obj (.text:ti_sysbios_knl_Swi_run__I)
                  00011e9e    000000a8                    : BIOS.obj (.text:ti_sysbios_knl_Task_postInit__I)
                  00011f46    000000a2     drivers_MSP430FR5969_instrumented.ae430X : GPIOMSP430.oe430X (.text:GPIO_setCallback)
                  00011fe8    0000009e     sysbios.ae430X : BIOS.obj (.text:ti_sysbios_knl_Clock_workFunc__E)
                  00012086    0000009c                    : BIOS.obj (.text:ti_sysbios_heaps_HeapMem_Instance_init__E)
                  00012122    00000092     drivers_MSP430FR5969_instrumented.ae430X : SPIEUSCIBDMA.oe430X (.text:SPIEUSCIBDMA_close)
                  000121b4    00000086     sysbios.ae430X : BIOS.obj (.text:ti_sysbios_knl_Semaphore_post__E)
                  0001223a    00000084                    : BIOS.obj (.text:ti_sysbios_family_msp430_Hwi_Module_startup__E)
                  000122be    00000082                    : BIOS.obj (.text:ti_sysbios_heaps_HeapMem_getStats__E)
                  00012340    00000080     ti.targets.msp430.rts430.ae430X : Memory.oe430X (.text:xdc_runtime_Memory_alloc__E)
                  000123c0    00000078     sysbios.ae430X : msp430_TaskSupport_asm.obj (.text:_ti_sysbios_family_msp430_TaskSupport_buildTaskStack)
                  00012438    00000078     rts430x_lc_rd_eabi.lib : copy_decompress_lzss.obj (.text:decompress:lzss:__TI_decompress_lzss)
                  000124b0    00000076     ti.targets.msp430.rts430.ae430X : Core-mem.oe430X (.text:xdc_runtime_Core_deleteObject__I)
                  00012526    00000072     sysbios.ae430X : BIOS.obj (.text:ti_sysbios_family_msp430_Timer_periodicStub__E)
                  00012598    00000072                    : BIOS.obj (.text:ti_sysbios_heaps_HeapMem_init__I)
                  0001260a    00000070     boot.ae430X : autoinit_wdt.oe430X (.text:_auto_init_hold_wdt)
                  0001267a    0000006c     MSP430FR5969.lib : gpio.obj (.text:GPIO_setAsPeripheralModuleFunctionInputPin)
                  000126e6    0000006c     drivers_MSP430FR5969_instrumented.ae430X : SPIEUSCIBDMA.oe430X (.text:SPIEUSCIBDMA_transferCallback)
                  00012752    00000068     MSP430FR5969.lib : gpio.obj (.text:GPIO_setAsPeripheralModuleFunctionOutputPin)
                  000127ba    00000068     sysbios.ae430X : BIOS.obj (.text:ti_sysbios_knl_Swi_post__E)
                  00012822    00000068     ti.targets.msp430.rts430.ae430X : Assert.oe430X (.text:xdc_runtime_Assert_raise__I)
                  0001288a    00000066     sysbios.ae430X : BIOS.obj (.text:ti_sysbios_knl_Task_Module_startup__E)
                  000128f0    00000064                    : BIOS.obj (.text:ti_sysbios_family_msp430_Hwi_postInit__I)
                  00012954    00000062     MSP430FR5969.lib : dma.obj (.text:DMA_init)
                  000129b6    00000060     sysbios.ae430X : BIOS.obj (.text:ti_sysbios_family_msp430_TaskSupport_start__E)
                  00012a16    00000060     nestbox_rtos_pe430X.oe430X (.text:ti_sysbios_knl_Task_construct)
                  00012a76    0000005e     sysbios.ae430X : BIOS.obj (.text:ti_sysbios_family_msp430_Timer_setNextTick__E)
                  00012ad4    0000005c     drivers_MSP430FR5969_instrumented.ae430X : GPIOMSP430.oe430X (.text:GPIO_hwiIntFxn)
                  00012b30    00000058     rts430x_lc_rd_eabi.lib : div32u.obj (.text)
                  00012b88    00000056     MSP430FR5969.lib : eusci_b_spi.obj (.text:EUSCI_B_SPI_initMaster)
                  00012bde    00000056     sysbios.ae430X : BIOS.obj (.text:ti_sysbios_knl_Task_blockI__E)
                  00012c34    00000054                    : BIOS.obj (.text:ti_sysbios_family_msp430_Hwi_getStackInfo__E)
                  00012c88    00000054                    : BIOS.obj (.text:ti_sysbios_family_msp430_Timer_start__E)
                  00012cdc    00000054                    : BIOS.obj (.text:ti_sysbios_knl_Task_processVitalTaskFlag__I)
                  00012d30    00000054                    : BIOS.obj (.text:ti_sysbios_knl_Task_unblockI__E)
                  00012d84    00000052                    : BIOS.obj (.text:ti_sysbios_knl_Swi_restore__E)
                  00012dd6    00000052     ti.targets.msp430.rts430.ae430X : Startup.oe430X (.text:xdc_runtime_Startup_exec__E)
                  00012e28    00000050     sysbios.ae430X : BIOS.obj (.text:ti_sysbios_family_msp430_Timer_initDevice__I)
                  00012e78    0000004e     MSP430FR5969.lib : gpio.obj (.text:GPIO_setAsInputPinWithPullDownResistor)
                  00012ec6    0000004e                      : gpio.obj (.text:GPIO_setAsInputPinWithPullUpResistor)
                  00012f14    0000004e     sysbios.ae430X : BIOS.obj (.text:ti_sysbios_knl_Task_exit__E)
                  00012f62    0000004e     ti.targets.msp430.rts430.ae430X : Core-params.oe430X (.text:xdc_runtime_Core_assignParams__I)
                  00012fb0    0000004a     sysbios.ae430X : BIOS.obj (.text:ti_sysbios_family_msp430_Timer_startup__E)
                  00012ffa    0000004a                    : BIOS.obj (.text:ti_sysbios_knl_Task_allBlockedFunction__I)
                  00013044    00000048                    : BIOS.obj (.text:ti_sysbios_hal_Hwi_checkStack)
                  0001308c    00000048                    : BIOS.obj (.text:ti_sysbios_knl_Semaphore_pendTimeout__I)
                  000130d4    00000046                    : BIOS.obj (.text:ti_sysbios_family_msp430_Timer_Module_startup__E)
                  0001311a    00000042     MSP430FR5969.lib : gpio.obj (.text:GPIO_setAsInputPin)
                  0001315c    00000042     sysbios.ae430X : BIOS.obj (.text:ti_sysbios_family_msp430_Timer_getCount__E)
                  0001319e    00000042     nestbox_rtos_pe430X.oe430X (.text:ti_sysbios_gates_GateHwi_Object__create__S)
                  000131e0    00000042     nestbox_rtos_pe430X.oe430X (.text:ti_sysbios_gates_GateMutex_Object__create__S)
                  00013222    00000042     nestbox_rtos_pe430X.oe430X (.text:ti_sysbios_heaps_HeapMem_Object__create__S)
                  00013264    00000042     sysbios.ae430X : BIOS.obj (.text:ti_sysbios_knl_Clock_addI__E)
                  000132a6    0000003e     nestbox_rtos_pe430X.oe430X (.text:ti_sysbios_knl_Semaphore_construct)
                  000132e4    0000003e     ti.targets.msp430.rts430.ae430X : System.oe430X (.text:xdc_runtime_System_atexit__E)
                  00013322    0000003c     sysbios.ae430X : BIOS.obj (.text:ti_sysbios_family_msp430_ClockFreqs_getFrequency__E)
                  0001335e    0000003c                    : BIOS.obj (.text:ti_sysbios_hal_Hwi_initStack)
                  0001339a    0000003c     ti.targets.msp430.rts430.ae430X : System.oe430X (.text:xdc_runtime_System_processAtExit__E)
                  000133d6    0000003a     drivers_MSP430FR5969_instrumented.ae430X : SPI.oe430X (.text:SPI_init)
                  00013410    0000003a     sysbios.ae430X : BIOS.obj (.text:ti_sysbios_family_msp430_Hwi32_p2)
                  0001344a    0000003a                    : BIOS.obj (.text:ti_sysbios_gates_GateMutex_enter__E)
                  00013484    0000003a     nestbox_rtos_pe430X.oe430X (.text:ti_sysbios_knl_Queue_construct)
                  000134be    00000038     MSP430FR5969.lib : gpio.obj (.text:GPIO_setAsOutputPin)
                  000134f6    00000038     sysbios.ae430X : BIOS.obj (.text:ti_sysbios_family_msp430_Hwi45_p2)
                  0001352e    00000036     ti.targets.msp430.rts430.ae430X : Error.oe430X (.text:xdc_runtime_Error_raiseX__E)
                  00013564    00000032     sysbios.ae430X : BIOS.obj (.text:ti_sysbios_family_msp430_Timer_postInit__I)
                  00013596    00000032                    : BIOS.obj (.text:ti_sysbios_family_msp430_Timer_stop__E)
                  000135c8    00000032                    : msp430_Hwi_switch_asm.obj (.text:ti_sysbios_family_xxx_Hwi_switchAndRunFunc)
                  000135fa    00000032     ti.targets.msp430.rts430.ae430X : Core-label.oe430X (.text:xdc_runtime_Core_assignLabel__I)
                  0001362c    00000030     sysbios.ae430X : BIOS.obj (.text:ti_sysbios_knl_Queue_put__E)
                  0001365c    00000030                    : BIOS.obj (.text:ti_sysbios_knl_Task_restore__E)
                  0001368c    0000002e     MSP430FR5969.lib : gpio.obj (.text:GPIO_selectInterruptEdge)
                  000136ba    0000002e     sysbios.ae430X : BIOS.obj (.text:ti_sysbios_knl_Semaphore_Instance_init__E)
                  000136e8    0000002c     nestbox_rtos_pe430X.oe430X (.text:ti_sysbios_knl_Clock_doTick__I)
                  00013714    0000002a     nestbox_rtos_pe430X.oe430X (.text:ti_sysbios_BIOS_atExitFunc__I)
                  0001373e    0000002a     nestbox_rtos_pe430X.oe430X (.text:ti_sysbios_family_msp430_Hwi_Object__get__S)
                  00013768    0000002a     nestbox_rtos_pe430X.oe430X (.text:ti_sysbios_heaps_HeapMem_Object__get__S)
                  00013792    0000002a     sysbios.ae430X : BIOS.obj (.text:ti_sysbios_knl_Clock_Module_startup__E)
                  000137bc    0000002a     nestbox_rtos_pe430X.oe430X (.text:ti_sysbios_knl_Swi_Object__get__S)
                  000137e6    0000002a     nestbox_rtos_pe430X.oe430X (.text:ti_sysbios_knl_Task_Object__get__S)
                  00013810    0000002a     sysbios.ae430X : BIOS.obj (.text:ti_sysbios_knl_Task_sleepTimeout__I)
                  0001383a    00000028     MSP430FR5969.lib : dma.obj (.text:DMA_setDstAddress)
                  00013862    00000028     nestbox_init.obj (.text:nbox_initSPI)
                  0001388a    00000028     nestbox_rtos_pe430X.oe430X (.text:ti_sysbios_BIOS_startFunc__I)
                  000138b2    00000028     ti.targets.msp430.rts430.ae430X : Text.oe430X (.text:xdc_runtime_Text_cordText__E)
                  000138da    00000026     MSP430FR5969.lib : dma.obj (.text:DMA_setSrcAddress)
                  00013900    00000026     nestbox_rtos_pe430X.oe430X (.text:ti_sysbios_gates_GateMutex_Object__delete__S)
                  00013926    00000026     sysbios.ae430X : BIOS.obj (.text:ti_sysbios_knl_Swi_Module_startup__E)
                  0001394c    00000024     MSP430FR5969.lib : eusci_b_spi.obj (.text:EUSCI_B_SPI_initSlave)
                  00013970    00000024     rts430x_lc_rd_eabi.lib : copy_zero_init.obj (.text:decompress:ZI:__TI_zero_init)
                  00013994    00000024                            : mult32_f5hw.obj (.text)
                  000139b8    00000024     nestbox_rtos_pe430X.oe430X (.text:ti_sysbios_BIOS_rtsLock__I)
                  000139dc    00000024     nestbox_rtos_pe430X.oe430X (.text:ti_sysbios_gates_GateHwi_Object__delete__S)
                  00013a00    00000024     nestbox_rtos_pe430X.oe430X (.text:ti_sysbios_heaps_HeapMem_Object__delete__S)
                  00013a24    00000022     MSP430FR5969.lib : gpio.obj (.text:GPIO_getInterruptStatus)
                  00013a46    00000022     sysbios.ae430X : BIOS.obj (.text:ti_sysbios_gates_GateMutex_Instance_init__E)
                  00013a68    00000022                    : BIOS.obj (.text:ti_sysbios_gates_GateMutex_leave__E)
                  00013a8a    00000022                    : BIOS.obj (.text:ti_sysbios_knl_Clock_startI__E)
                  00013aac    00000022                    : BIOS.obj (.text:ti_sysbios_knl_Idle_run__E)
                  00013ace    00000022                    : BIOS.obj (.text:ti_sysbios_knl_Task_restoreHwi__E)
                  00013af0    00000022     ti.targets.msp430.rts430.ae430X : Memory.oe430X (.text:xdc_runtime_Memory_valloc__E)
                  00013b12    00000020                                     : Error.oe430X (.text:xdc_runtime_Error_check__E)
                  00013b32    0000001e     MSP430FR5969.lib : gpio.obj (.text:GPIO_clearInterrupt)
                  00013b50    0000001e                      : gpio.obj (.text:GPIO_enableInterrupt)
                  00013b6e    0000001e     drivers_MSP430FR5969_instrumented.ae430X : SPIEUSCIBDMA.oe430X (.text:SPIEUSCIBDMA_transferCancel)
                  00013b8c    0000001e     nestbox_rtos_pe430X.oe430X (.text:ti_sysbios_BIOS_rtsUnlock__I)
                  00013baa    0000001e     nestbox_rtos_pe430X.oe430X (.text:ti_sysbios_gates_GateHwi_Handle__label__S)
                  00013bc8    0000001e     nestbox_rtos_pe430X.oe430X (.text:ti_sysbios_gates_GateMutex_Handle__label__S)
                  00013be6    0000001e     nestbox_rtos_pe430X.oe430X (.text:ti_sysbios_heaps_HeapMem_Handle__label__S)
                  00013c04    0000001e     sysbios.ae430X : BIOS.obj (.text:ti_sysbios_knl_Task_enter__I)
                  00013c22    0000001c     ti.catalog.msp430.init.ae430X : Boot.oe430X (.text:.bootCodeSection:ti_catalog_msp430_init_Boot_configureDCO_CS_A)
                  00013c3e    0000001c     MSP430FR5969.lib : gpio.obj (.text:GPIO_setOutputHighOnPin)
                  00013c5a    0000001c                      : gpio.obj (.text:GPIO_setOutputLowOnPin)
                  00013c76    0000001c                      : gpio.obj (.text:GPIO_toggleOutputOnPin)
                  00013c92    0000001c     sysbios.ae430X : msp430_TaskSupport_asm.obj (.text:_ti_sysbios_family_msp430_TaskSupport_swap__E)
                  00013cae    0000001c     drivers_MSP430FR5969_instrumented.ae430X : GPIOMSP430.oe430X (.text:getPinNumber)
                  00013cca    0000001c     lightbarrier.obj (.text:lightBarrier_Task)
                  00013ce6    0000001c     nestbox_rtos_pe430X.oe430X (.text:ti_sysbios_family_msp430_Hwi_Module__startupDone__F)
                  00013d02    0000001c     nestbox_rtos_pe430X.oe430X (.text:ti_sysbios_family_msp430_Timer_Module__startupDone__F)
                  00013d1e    0000001c     sysbios.ae430X : BIOS.obj (.text:ti_sysbios_knl_Task_unblock__E)
                  00013d3a    0000001a     nestbox_rtos_pe430X.oe430X (.text:ti_sysbios_BIOS_exitFunc__I)
                  00013d54    0000001a     nestbox_rtos_pe430X.oe430X (.text:ti_sysbios_BIOS_registerRTSLock__I)
                  00013d6e    0000001a     nestbox_rtos_pe430X.oe430X (.text:ti_sysbios_BIOS_removeRTSLock__I)
                  00013d88    0000001a     nestbox_rtos_pe430X.oe430X (.text:ti_sysbios_knl_Semaphore_Object__destruct__S)
                  00013da2    00000018     main.obj (.text:heartBeat_Task)
                  00013dba    00000018     rts430x_lc_rd_eabi.lib : mult16_f5hw.obj (.text)
                  00013dd2    00000018     sysbios.ae430X : BIOS.obj (.text:ti_sysbios_BIOS_setThreadType__E)
                  00013dea    00000018     nestbox_rtos_pe430X.oe430X (.text:ti_sysbios_knl_Queue_Object__destruct__S)
                  00013e02    00000016     rts430x_lc_rd_eabi.lib : memset.obj (.text:memset)
                  00013e18    00000016                            : div16u.obj (.text)
                  00013e2e    00000016     user_button.obj (.text:user_button_isr)
                  00013e44    00000016     ti.targets.msp430.rts430.ae430X : System.oe430X (.text:xdc_runtime_System_abort__E)
                  00013e5a    00000014     rts430x_lc_rd_eabi.lib : memcpy.obj (.text:memcpy)
                  00013e6e    00000014     nestbox_rtos_pe430X.oe430X (.text:ti_sysbios_knl_Queue_Object__get__S)
                  00013e82    00000014     ti.targets.msp430.rts430.ae430X : Memory.oe430X (.text:xdc_runtime_Memory_calloc__E)
                  00013e96    00000014     nestbox_rtos_pe430X.oe430X (.text:xdc_runtime_Startup_exec__I)
                  00013eaa    00000014     ti.targets.msp430.rts430.ae430X : Text.oe430X (.text:xdc_runtime_Text_ropeText__E)
                  00013ebe    00000012     rts430x_lc_rd_eabi.lib : copy_decompress_none.obj (.text:decompress:none:__TI_decompress_none)
                  00013ed0    00000012     sysbios.ae430X : BIOS.obj (.text:ti_sysbios_gates_GateHwi_leave__E)
                  00013ee2    00000012                    : BIOS.obj (.text:ti_sysbios_gates_GateMutex_Instance_finalize__E)
                  00013ef4    00000012                    : BIOS.obj (.text:ti_sysbios_knl_Semaphore_Instance_finalize__E)
                  00013f06    00000012     ti.targets.msp430.rts430.ae430X : System.oe430X (.text:xdc_runtime_System_exit__E)
                  00013f18    00000010     MSP430FR5969.lib : dma.obj (.text:DMA_enableTransfers)
                  00013f28    00000010     sysbios.ae430X : msp430_TaskSupport_asm.obj (.text:_ti_sysbios_family_msp430_TaskSupport_glue)
                  00013f38    00000010                    : BIOS.obj (.text:ti_sysbios_family_msp430_TaskSupport_checkStack__E)
                  00013f48    00000010                    : BIOS.obj (.text:ti_sysbios_hal_Hwi_Module_startup__E)
                  00013f58    0000000e     MSP430FR5969.lib : dma.obj (.text:DMA_clearInterrupt)
                  00013f66    0000000e                      : dma.obj (.text:DMA_disableInterrupt)
                  00013f74    0000000e                      : dma.obj (.text:DMA_enableInterrupt)
                  00013f82    0000000e                      : dma.obj (.text:DMA_getInterruptStatus)
                  00013f90    0000000e                      : eusci_b_spi.obj (.text:EUSCI_B_SPI_clearInterrupt)
                  00013f9e    0000000e                      : eusci_b_spi.obj (.text:EUSCI_B_SPI_disableInterrupt)
                  00013fac    0000000e     rfid_reader.obj (.text:rfid_Task)
                  00013fba    0000000e     sysbios.ae430X : BIOS.obj (.text:ti_sysbios_family_msp430_Timer_getMaxTicks__E)
                  00013fc8    0000000e                    : BIOS.obj (.text:ti_sysbios_knl_Queue_empty__E)
                  00013fd6    0000000e                    : BIOS.obj (.text:ti_sysbios_knl_Swi_disable__E)
                  00013fe4    0000000e                    : BIOS.obj (.text:ti_sysbios_knl_Task_disable__E)
                  00013ff2    0000000c     nestbox_rtos_pe430X.oe430X (.text:.bootCodeSection:ti_catalog_msp430_init_Boot_init)
                  00013ffe    00000002     rts430x_lc_rd_eabi.lib : _lock.obj (.text:_nop)

MODULE SUMMARY

       Module                       code    ro data   rw data
       ------                       ----    -------   -------
    ./
       main.obj                     222     0         2246   
       nestbox_init.obj             48      62        68     
    +--+----------------------------+-------+---------+---------+
       Total:                       270     62        2314   
                                                             
    ./fw/
       lightbarrier.obj             28      0         0      
       user_button.obj              22      0         0      
       rfid_reader.obj              14      0         0      
    +--+----------------------------+-------+---------+---------+
       Total:                       64      0         0      
                                                             
    /Users/raffael/Desktop/Octanis/Octanis3/ccs_workspace3/Octanis3-Firmware/Debug/configPkg/package/cfg/
       nestbox_rtos_pe430X.oe430X   1292    777       1828   
    +--+----------------------------+-------+---------+---------+
       Total:                       1292    777       1828   
                                                             
    /Applications/ti/ccsv7/tools/compiler/ti-cgt-msp430_16.9.0.LTS/lib/rts430x_lc_rd_eabi.lib
       copy_decompress_lzss.obj     120     0         0      
       div32u.obj                   88      0         0      
       copy_zero_init.obj           36      0         0      
       mult32_f5hw.obj              36      0         0      
       mult16_f5hw.obj              24      0         0      
       _lock.obj                    14      0         8      
       div16u.obj                   22      0         0      
       memset.obj                   22      0         0      
       memcpy.obj                   20      0         0      
       copy_decompress_none.obj     18      0         0      
       lsl16.obj                    10      0         0      
    +--+----------------------------+-------+---------+---------+
       Total:                       410     0         8      
                                                             
    /Applications/ti/tirtos_msp43x_2_20_00_06/products/bios_6_46_00_23/packages/ti/catalog/msp430/init/lib/ti.catalog.msp430.init.ae430X
       Boot.oe430X                  36      0         0      
    +--+----------------------------+-------+---------+---------+
       Total:                       36      0         0      
                                                             
    /Applications/ti/tirtos_msp43x_2_20_00_06/products/bios_6_46_00_23/packages/ti/targets/msp430/rts430/lib/boot.ae430X
       autoinit_wdt.oe430X          112     0         0      
       boot_special.oe430X          38      0         0      
       pre_init.oe430X              4       0         0      
       boot.oe430X                  0       2         0      
    +--+----------------------------+-------+---------+---------+
       Total:                       154     2         0      
                                                             
    /Applications/ti/tirtos_msp43x_2_20_00_06/products/bios_6_46_00_23/packages/ti/targets/msp430/rts430/lib/ti.targets.msp430.rts430.ae430X
       Core-mem.oe430X              574     0         0      
       Core-smem.oe430X             364     0         0      
       Startup.oe430X               286     42        0      
       Memory.oe430X                202     0         0      
       System.oe430X                170     0         0      
       Assert.oe430X                104     6         0      
       Error.oe430X                 88      0         0      
       Core-params.oe430X           78      0         0      
       Text.oe430X                  60      0         0      
       Core-label.oe430X            50      0         0      
       Gate.oe430X                  20      0         0      
       SysCallback.oe430X           12      0         0      
    +--+----------------------------+-------+---------+---------+
       Total:                       2008    48        0      
                                                             
    /Applications/ti/tirtos_msp43x_2_20_00_06/products/msp430_driverlib_2_70_01_01a/driverlib/MSP430FR5xx_6xx/ccs/MSP430FR5969.lib
       gpio.obj                     714     28        0      
       dma.obj                      248     0         0      
       eusci_b_spi.obj              178     0         0      
    +--+----------------------------+-------+---------+---------+
       Total:                       1140    28        0      
                                                             
    /Applications/ti/tirtos_msp43x_2_20_00_06/products/tidrivers_msp43x_2_20_00_08/packages/ti/drivers/lib/drivers_MSP430FR5969_instrumented.ae430X
       SPIEUSCIBDMA.oe430X          2408    642       0      
       GPIOMSP430.oe430X            1634    274       65     
       SPI.oe430X                   58      0         2      
    +--+----------------------------+-------+---------+---------+
       Total:                       4100    916       67     
                                                             
    /Users/raffael/Desktop/Octanis/Octanis3/ccs_workspace3/Octanis3-Firmware/src/sysbios/sysbios.ae430X
       BIOS.obj                     7178    82        0      
       msp430_TaskSupport_asm.obj   164     0         0      
       msp430_Hwi_switch_asm.obj    50      0         0      
    +--+----------------------------+-------+---------+---------+
       Total:                       7392    82        0      
                                                             
       Stack:                       0       0         768    
       Linker Generated:            0       424       0      
    +--+----------------------------+-------+---------+---------+
       Grand Total:                 16866   2339      4985   


LINKER GENERATED COPY TABLES

__TI_cinit_table @ 00005bf0 records: 2, size/record: 8, table size: 16
	.data: load addr=00005a58, load size=00000186 bytes, run addr=00001c00, run size=0000034b bytes, compression=lzss
	.bss: load addr=00005bea, load size=00000006 bytes, run addr=00004400, run size=00000d2e bytes, compression=zero_init


LINKER GENERATED HANDLER TABLE

__TI_handler_table @ 00005bde records: 3, size/record: 4, table size: 12
	index: 0, handler: __TI_zero_init
	index: 1, handler: __TI_decompress_lzss
	index: 2, handler: __TI_decompress_none


GLOBAL SYMBOLS: SORTED ALPHABETICALLY BY Name 

address   name                                                       
-------   ----                                                       
00000800  ADC12CTL0                                                  
00000801  ADC12CTL0_H                                                
00000800  ADC12CTL0_L                                                
00000802  ADC12CTL1                                                  
00000803  ADC12CTL1_H                                                
00000802  ADC12CTL1_L                                                
00000804  ADC12CTL2                                                  
00000805  ADC12CTL2_H                                                
00000804  ADC12CTL2_L                                                
00000806  ADC12CTL3                                                  
00000807  ADC12CTL3_H                                                
00000806  ADC12CTL3_L                                                
0000080a  ADC12HI                                                    
0000080b  ADC12HI_H                                                  
0000080a  ADC12HI_L                                                  
00000812  ADC12IER0                                                  
00000813  ADC12IER0_H                                                
00000812  ADC12IER0_L                                                
00000814  ADC12IER1                                                  
00000815  ADC12IER1_H                                                
00000814  ADC12IER1_L                                                
00000816  ADC12IER2                                                  
00000817  ADC12IER2_H                                                
00000816  ADC12IER2_L                                                
0000080c  ADC12IFGR0                                                 
0000080d  ADC12IFGR0_H                                               
0000080c  ADC12IFGR0_L                                               
0000080e  ADC12IFGR1                                                 
0000080f  ADC12IFGR1_H                                               
0000080e  ADC12IFGR1_L                                               
00000810  ADC12IFGR2                                                 
00000811  ADC12IFGR2_H                                               
00000810  ADC12IFGR2_L                                               
00000818  ADC12IV                                                    
00000819  ADC12IV_H                                                  
00000818  ADC12IV_L                                                  
00000808  ADC12LO                                                    
00000809  ADC12LO_H                                                  
00000808  ADC12LO_L                                                  
00000820  ADC12MCTL0                                                 
00000821  ADC12MCTL0_H                                               
00000820  ADC12MCTL0_L                                               
00000822  ADC12MCTL1                                                 
00000834  ADC12MCTL10                                                
00000835  ADC12MCTL10_H                                              
00000834  ADC12MCTL10_L                                              
00000836  ADC12MCTL11                                                
00000837  ADC12MCTL11_H                                              
00000836  ADC12MCTL11_L                                              
00000838  ADC12MCTL12                                                
00000839  ADC12MCTL12_H                                              
00000838  ADC12MCTL12_L                                              
0000083a  ADC12MCTL13                                                
0000083b  ADC12MCTL13_H                                              
0000083a  ADC12MCTL13_L                                              
0000083c  ADC12MCTL14                                                
0000083d  ADC12MCTL14_H                                              
0000083c  ADC12MCTL14_L                                              
0000083e  ADC12MCTL15                                                
0000083f  ADC12MCTL15_H                                              
0000083e  ADC12MCTL15_L                                              
00000840  ADC12MCTL16                                                
00000841  ADC12MCTL16_H                                              
00000840  ADC12MCTL16_L                                              
00000842  ADC12MCTL17                                                
00000843  ADC12MCTL17_H                                              
00000842  ADC12MCTL17_L                                              
00000844  ADC12MCTL18                                                
00000845  ADC12MCTL18_H                                              
00000844  ADC12MCTL18_L                                              
00000846  ADC12MCTL19                                                
00000847  ADC12MCTL19_H                                              
00000846  ADC12MCTL19_L                                              
00000823  ADC12MCTL1_H                                               
00000822  ADC12MCTL1_L                                               
00000824  ADC12MCTL2                                                 
00000848  ADC12MCTL20                                                
00000849  ADC12MCTL20_H                                              
00000848  ADC12MCTL20_L                                              
0000084a  ADC12MCTL21                                                
0000084b  ADC12MCTL21_H                                              
0000084a  ADC12MCTL21_L                                              
0000084c  ADC12MCTL22                                                
0000084d  ADC12MCTL22_H                                              
0000084c  ADC12MCTL22_L                                              
0000084e  ADC12MCTL23                                                
0000084f  ADC12MCTL23_H                                              
0000084e  ADC12MCTL23_L                                              
00000850  ADC12MCTL24                                                
00000851  ADC12MCTL24_H                                              
00000850  ADC12MCTL24_L                                              
00000852  ADC12MCTL25                                                
00000853  ADC12MCTL25_H                                              
00000852  ADC12MCTL25_L                                              
00000854  ADC12MCTL26                                                
00000855  ADC12MCTL26_H                                              
00000854  ADC12MCTL26_L                                              
00000856  ADC12MCTL27                                                
00000857  ADC12MCTL27_H                                              
00000856  ADC12MCTL27_L                                              
00000858  ADC12MCTL28                                                
00000859  ADC12MCTL28_H                                              
00000858  ADC12MCTL28_L                                              
0000085a  ADC12MCTL29                                                
0000085b  ADC12MCTL29_H                                              
0000085a  ADC12MCTL29_L                                              
00000825  ADC12MCTL2_H                                               
00000824  ADC12MCTL2_L                                               
00000826  ADC12MCTL3                                                 
0000085c  ADC12MCTL30                                                
0000085d  ADC12MCTL30_H                                              
0000085c  ADC12MCTL30_L                                              
0000085e  ADC12MCTL31                                                
0000085f  ADC12MCTL31_H                                              
0000085e  ADC12MCTL31_L                                              
00000827  ADC12MCTL3_H                                               
00000826  ADC12MCTL3_L                                               
00000828  ADC12MCTL4                                                 
00000829  ADC12MCTL4_H                                               
00000828  ADC12MCTL4_L                                               
0000082a  ADC12MCTL5                                                 
0000082b  ADC12MCTL5_H                                               
0000082a  ADC12MCTL5_L                                               
0000082c  ADC12MCTL6                                                 
0000082d  ADC12MCTL6_H                                               
0000082c  ADC12MCTL6_L                                               
0000082e  ADC12MCTL7                                                 
0000082f  ADC12MCTL7_H                                               
0000082e  ADC12MCTL7_L                                               
00000830  ADC12MCTL8                                                 
00000831  ADC12MCTL8_H                                               
00000830  ADC12MCTL8_L                                               
00000832  ADC12MCTL9                                                 
00000833  ADC12MCTL9_H                                               
00000832  ADC12MCTL9_L                                               
00000860  ADC12MEM0                                                  
00000861  ADC12MEM0_H                                                
00000860  ADC12MEM0_L                                                
00000862  ADC12MEM1                                                  
00000874  ADC12MEM10                                                 
00000875  ADC12MEM10_H                                               
00000874  ADC12MEM10_L                                               
00000876  ADC12MEM11                                                 
00000877  ADC12MEM11_H                                               
00000876  ADC12MEM11_L                                               
00000878  ADC12MEM12                                                 
00000879  ADC12MEM12_H                                               
00000878  ADC12MEM12_L                                               
0000087a  ADC12MEM13                                                 
0000087b  ADC12MEM13_H                                               
0000087a  ADC12MEM13_L                                               
0000087c  ADC12MEM14                                                 
0000087d  ADC12MEM14_H                                               
0000087c  ADC12MEM14_L                                               
0000087e  ADC12MEM15                                                 
0000087f  ADC12MEM15_H                                               
0000087e  ADC12MEM15_L                                               
00000880  ADC12MEM16                                                 
00000881  ADC12MEM16_H                                               
00000880  ADC12MEM16_L                                               
00000882  ADC12MEM17                                                 
00000883  ADC12MEM17_H                                               
00000882  ADC12MEM17_L                                               
00000884  ADC12MEM18                                                 
00000885  ADC12MEM18_H                                               
00000884  ADC12MEM18_L                                               
00000886  ADC12MEM19                                                 
00000887  ADC12MEM19_H                                               
00000886  ADC12MEM19_L                                               
00000863  ADC12MEM1_H                                                
00000862  ADC12MEM1_L                                                
00000864  ADC12MEM2                                                  
00000888  ADC12MEM20                                                 
00000889  ADC12MEM20_H                                               
00000888  ADC12MEM20_L                                               
0000088a  ADC12MEM21                                                 
0000088b  ADC12MEM21_H                                               
0000088a  ADC12MEM21_L                                               
0000088c  ADC12MEM22                                                 
0000088d  ADC12MEM22_H                                               
0000088c  ADC12MEM22_L                                               
0000088e  ADC12MEM23                                                 
0000088f  ADC12MEM23_H                                               
0000088e  ADC12MEM23_L                                               
00000890  ADC12MEM24                                                 
00000891  ADC12MEM24_H                                               
00000890  ADC12MEM24_L                                               
00000892  ADC12MEM25                                                 
00000893  ADC12MEM25_H                                               
00000892  ADC12MEM25_L                                               
00000894  ADC12MEM26                                                 
00000895  ADC12MEM26_H                                               
00000894  ADC12MEM26_L                                               
00000896  ADC12MEM27                                                 
00000897  ADC12MEM27_H                                               
00000896  ADC12MEM27_L                                               
00000898  ADC12MEM28                                                 
00000899  ADC12MEM28_H                                               
00000898  ADC12MEM28_L                                               
0000089a  ADC12MEM29                                                 
0000089b  ADC12MEM29_H                                               
0000089a  ADC12MEM29_L                                               
00000865  ADC12MEM2_H                                                
00000864  ADC12MEM2_L                                                
00000866  ADC12MEM3                                                  
0000089c  ADC12MEM30                                                 
0000089d  ADC12MEM30_H                                               
0000089c  ADC12MEM30_L                                               
0000089e  ADC12MEM31                                                 
0000089f  ADC12MEM31_H                                               
0000089e  ADC12MEM31_L                                               
00000867  ADC12MEM3_H                                                
00000866  ADC12MEM3_L                                                
00000868  ADC12MEM4                                                  
00000869  ADC12MEM4_H                                                
00000868  ADC12MEM4_L                                                
0000086a  ADC12MEM5                                                  
0000086b  ADC12MEM5_H                                                
0000086a  ADC12MEM5_L                                                
0000086c  ADC12MEM6                                                  
[...]
000059e2  xdc_runtime_Main_Module__loggerFxn4__C                     
000059e6  xdc_runtime_Main_Module__loggerFxn8__C                     
000059ea  xdc_runtime_Main_Module__loggerObj__C                      
000059ee  xdc_runtime_Memory_defaultHeapInstance__C                  
000059f2  xdc_runtime_Startup_execImpl__C                            
000059f6  xdc_runtime_Startup_sfxnRts__C                             
000059fa  xdc_runtime_Startup_sfxnTab__C                             
000059fe  xdc_runtime_SysCallback_abortFxn__C                        
00005a02  xdc_runtime_SysCallback_exitFxn__C                         
00005a06  xdc_runtime_System_Module__gateObj__C                      
00005a0a  xdc_runtime_System_abortFxn__C                             
00005a0e  xdc_runtime_System_exitFxn__C                              
00005a12  xdc_runtime_Text_charTab__C                                
00005a16  xdc_runtime_Text_nameEmpty__C                              
00005a1a  xdc_runtime_Text_nameStatic__C                             
00005a1e  xdc_runtime_Text_nameUnknown__C                            
00005a22  ti_sysbios_family_msp430_Hwi_Object__count__C              
00005a24  ti_sysbios_family_msp430_TaskSupport_stackAlignment__C     
00005a26  ti_sysbios_family_msp430_Timer_numTimerDevices__C          
00005a28  ti_sysbios_family_msp430_Timer_startupNeeded__C            
00005a2a  ti_sysbios_gates_GateMutex_Instance_State_sem__O           
00005a2c  ti_sysbios_hal_Hwi_Module__id__C                           
00005a2e  ti_sysbios_heaps_HeapMem_Module__id__C                     
00005a30  ti_sysbios_heaps_HeapMem_Object__count__C                  
00005a32  ti_sysbios_heaps_HeapMem_reqAlign__C                       
00005a34  ti_sysbios_knl_Clock_Module_State_clockQ__O                
00005a36  ti_sysbios_knl_Semaphore_Instance_State_pendQ__O           
00005a38  ti_sysbios_knl_Swi_Object__count__C                        
00005a3a  ti_sysbios_knl_Task_Module_State_inactiveQ__O              
00005a3c  ti_sysbios_knl_Task_Module__id__C                          
00005a3e  ti_sysbios_knl_Task_Object__count__C                       
00005a40  ti_sysbios_knl_Task_defaultStackSize__C                    
00005a42  ti_sysbios_knl_Task_numConstructedTasks__C                 
00005a44  xdc_runtime_Core_Module__id__C                             
00005a46  xdc_runtime_Error_policy__C                                
00005a48  xdc_runtime_Main_Module__id__C                             
00005a4a  xdc_runtime_Main_Module__loggerDefined__C                  
00005a4c  xdc_runtime_Memory_Module__id__C                           
00005a4e  xdc_runtime_Startup_maxPasses__C                           
00005a50  xdc_runtime_System_maxAtexitHandlers__C                    
00005a52  xdc_runtime_Text_charCnt__C                                
00005a54  xdc_runtime_Text_isLoaded__C                               
00005a56  xdc_runtime_Text_charTab__A                                
00005bde  __TI_Handler_Table_Base                                    
00005bea  __TI_Handler_Table_Limit                                   
00005bf0  __TI_CINIT_Base                                            
00005c00  __TI_CINIT_Limit                                           
0000ffcc  __TI_int30                                                 
0000ffce  __TI_int31                                                 
0000ffd0  __TI_int32                                                 
0000ffd2  __TI_int33                                                 
0000ffd4  __TI_int34                                                 
0000ffd6  __TI_int35                                                 
0000ffd8  __TI_int36                                                 
0000ffda  __TI_int37                                                 
0000ffdc  __TI_int38                                                 
0000ffde  __TI_int39                                                 
0000ffe0  __TI_int40                                                 
0000ffe2  __TI_int41                                                 
0000ffe4  __TI_int42                                                 
0000ffe6  __TI_int43                                                 
0000ffe8  __TI_int44                                                 
0000ffea  __TI_int45                                                 
0000ffec  __TI_int46                                                 
0000ffee  __TI_int47                                                 
0000fff0  __TI_int48                                                 
0000fff2  __TI_int49                                                 
0000fff4  __TI_int50                                                 
0000fff6  __TI_int51                                                 
0000fff8  __TI_int52                                                 
0000fffa  __TI_int53                                                 
0000fffc  __TI_int54                                                 
0000fffe  _reset_vector                                              
00010000  SPIEUSCIBDMA_open                                          
00010582  xdc_runtime_Core_createObject__I                           
0001074a  ti_sysbios_knl_Semaphore_pend__E                           
000108ca  GPIO_setConfig                                             
00010a48  xdc_runtime_Core_constructObject__I                        
00010bb4  SPIEUSCIBDMA_transfer                                      
00010d1e  SPIEUSCIBDMA_hwiIntFxn                                     
00010e6e  GPIO_write                                                 
00010fa8  ti_sysbios_heaps_HeapMem_alloc__E                          
000110e2  ti_sysbios_knl_Task_checkStacks__E                         
00011218  ti_sysbios_knl_Task_Instance_init__E                       
00011340  GPIO_toggle                                                
00011452  ti_sysbios_knl_Swi_restoreHwi__E                           
00011552  ti_sysbios_knl_Task_sleep__E                               
00011634  ti_sysbios_knl_Swi_runLoop__I                              
00011710  ti_sysbios_knl_Task_Instance_finalize__E                   
000117ec  ti_sysbios_knl_Task_startCore__E                           
000118b8  GPIO_enableInt                                             
0001197e  main                                                       
00011a44  ti_sysbios_heaps_HeapMem_free__E                           
00011b0a  xdc_runtime_Startup_startMods__I                           
00011bca  GPIO_init                                                  
00011bca  nbox_initGPIO                                              
00011c82  ti_sysbios_knl_Task_schedule__I                            
00011d3a  ti_sysbios_knl_Swi_schedule__I                             
00011dee  ti_sysbios_knl_Swi_run__I                                  
00011e9e  ti_sysbios_knl_Task_postInit__I                            
00011f46  GPIO_setCallback                                           
00011fe8  ti_sysbios_knl_Clock_workFunc__E                           
00012086  ti_sysbios_heaps_HeapMem_Instance_init__E                  
00012122  SPIEUSCIBDMA_close                                         
000121b4  ti_sysbios_knl_Semaphore_post__E                           
0001223a  ti_sysbios_family_msp430_Hwi_Module_startup__E             
000122be  ti_sysbios_heaps_HeapMem_getStats__E                       
00012340  xdc_runtime_Memory_alloc__E                                
000123c0  ti_sysbios_family_msp430_TaskSupport_buildTaskStack        
00012438  __TI_decompress_lzss                                       
000124b0  xdc_runtime_Core_deleteObject__I                           
00012526  ti_sysbios_family_msp430_Timer_periodicStub__E             
00012598  ti_sysbios_heaps_HeapMem_init__I                           
0001260a  _auto_init_hold_wdt                                        
0001267a  GPIO_setAsPeripheralModuleFunctionInputPin                 
00012752  GPIO_setAsPeripheralModuleFunctionOutputPin                
000127ba  ti_sysbios_knl_Swi_post__E                                 
00012822  xdc_runtime_Assert_raise__I                                
0001288a  ti_sysbios_knl_Task_Module_startup__E                      
000128f0  ti_sysbios_family_msp430_Hwi_postInit__I                   
00012954  DMA_init                                                   
000129b6  ti_sysbios_family_msp430_TaskSupport_start__E              
000129b6  ti_sysbios_knl_Task_SupportProxy_start__E                  
00012a16  ti_sysbios_knl_Task_construct                              
00012a76  ti_sysbios_family_msp430_Timer_setNextTick__E              
00012ad4  GPIO_hwiIntFxn                                             
00012b30  __mspabi_divul                                             
00012b30  __mspabi_remul                                             
00012b88  EUSCI_B_SPI_initMaster                                     
00012bde  ti_sysbios_knl_Task_blockI__E                              
00012c34  ti_sysbios_family_msp430_Hwi_getStackInfo__E               
00012c34  ti_sysbios_hal_Hwi_HwiProxy_getStackInfo__E                
00012c88  ti_sysbios_family_msp430_Timer_start__E                    
00012cdc  ti_sysbios_knl_Task_processVitalTaskFlag__I                
00012d30  ti_sysbios_knl_Task_unblockI__E                            
00012d84  ti_sysbios_knl_Swi_restore__E                              
00012dd6  xdc_runtime_Startup_exec__E                                
00012e28  ti_sysbios_family_msp430_Timer_initDevice__I               
00012e78  GPIO_setAsInputPinWithPullDownResistor                     
00012ec6  GPIO_setAsInputPinWithPullUpResistor                       
00012f14  ti_sysbios_knl_Task_exit__E                                
00012f62  xdc_runtime_Core_assignParams__I                           
00012fb0  ti_sysbios_family_msp430_Timer_startup__E                  
00012fb0  ti_sysbios_knl_Clock_TimerProxy_startup__E                 
00012ffa  ti_sysbios_knl_Task_allBlockedFunction__I                  
00013044  ti_sysbios_hal_Hwi_checkStack                              
0001308c  ti_sysbios_knl_Semaphore_pendTimeout__I                    
000130d4  ti_sysbios_family_msp430_Timer_Module_startup__E           
0001311a  GPIO_setAsInputPin                                         
0001315c  ti_sysbios_family_msp430_Timer_getCount__E                 
0001319e  ti_sysbios_gates_GateHwi_Object__create__S                 
000131e0  ti_sysbios_gates_GateMutex_Object__create__S               
00013222  ti_sysbios_heaps_HeapMem_Object__create__S                 
00013264  ti_sysbios_knl_Clock_addI__E                               
000132a6  ti_sysbios_knl_Semaphore_construct                         
000132e4  xdc_runtime_System_atexit__E                               
00013322  ti_sysbios_family_msp430_ClockFreqs_getFrequency__E        
0001335e  ti_sysbios_hal_Hwi_initStack                               
0001339a  xdc_runtime_System_processAtExit__E                        
000133d6  SPI_init                                                   
00013410  ti_sysbios_family_msp430_Hwi32_p2                          
0001344a  ti_sysbios_gates_GateMutex_enter__E                        
00013484  ti_sysbios_knl_Queue_construct                             
000134be  GPIO_setAsOutputPin                                        
000134f6  ti_sysbios_family_msp430_Hwi45_p2                          
0001352e  xdc_runtime_Error_raiseX__E                                
00013564  ti_sysbios_family_msp430_Timer_postInit__I                 
00013596  ti_sysbios_family_msp430_Timer_stop__E                     
000135c8  ti_sysbios_family_xxx_Hwi_switchAndRunFunc                 
000135fa  xdc_runtime_Core_assignLabel__I                            
0001362c  ti_sysbios_knl_Queue_put__E                                
0001365c  ti_sysbios_knl_Task_restore__E                             
0001368c  GPIO_selectInterruptEdge                                   
000136ba  ti_sysbios_knl_Semaphore_Instance_init__E                  
000136e8  ti_sysbios_knl_Clock_doTick__I                             
00013714  ti_sysbios_BIOS_atExitFunc__I                              
0001373e  ti_sysbios_family_msp430_Hwi_Object__get__S                
00013768  ti_sysbios_heaps_HeapMem_Object__get__S                    
00013792  ti_sysbios_knl_Clock_Module_startup__E                     
000137bc  ti_sysbios_knl_Swi_Object__get__S                          
000137e6  ti_sysbios_knl_Task_Object__get__S                         
00013810  ti_sysbios_knl_Task_sleepTimeout__I                        
0001383a  DMA_setDstAddress                                          
00013862  nbox_initSPI                                               
0001388a  ti_sysbios_BIOS_startFunc__I                               
000138b2  xdc_runtime_Text_cordText__E                               
000138da  DMA_setSrcAddress                                          
00013900  ti_sysbios_BIOS_RtsGateProxy_Object__delete__S             
00013900  ti_sysbios_gates_GateMutex_Object__delete__S               
00013900  ti_sysbios_heaps_HeapMem_Module_GateProxy_Object__delete__S
00013926  ti_sysbios_knl_Swi_Module_startup__E                       
0001394c  EUSCI_B_SPI_initSlave                                      
00013970  __TI_zero_init                                             
00013994  __mspabi_mpyl_f5hw                                         
000139b8  ti_sysbios_BIOS_rtsLock__I                                 
000139dc  ti_sysbios_gates_GateHwi_Object__delete__S                 
000139dc  xdc_runtime_Main_Module_GateProxy_Object__delete__S        
000139dc  xdc_runtime_System_Module_GateProxy_Object__delete__S      
00013a00  ti_sysbios_heaps_HeapMem_Object__delete__S                 
00013a00  xdc_runtime_Memory_HeapProxy_Object__delete__S             
00013a24  GPIO_getInterruptStatus                                    
00013a46  ti_sysbios_gates_GateMutex_Instance_init__E                
00013a68  ti_sysbios_gates_GateMutex_leave__E                        
00013a8a  ti_sysbios_knl_Clock_startI__E                             
00013aac  ti_sysbios_knl_Idle_run__E                                 
00013ace  ti_sysbios_knl_Task_restoreHwi__E                          
00013af0  xdc_runtime_Memory_valloc__E                               
00013b12  xdc_runtime_Error_check__E                                 
00013b32  GPIO_clearInterrupt                                        
00013b50  GPIO_enableInterrupt                                       
00013b6e  SPIEUSCIBDMA_transferCancel                                
00013b8c  ti_sysbios_BIOS_rtsUnlock__I                               
00013baa  ti_sysbios_gates_GateHwi_Handle__label__S                  
00013baa  xdc_runtime_Main_Module_GateProxy_Handle__label__S         
00013baa  xdc_runtime_System_Module_GateProxy_Handle__label__S       
00013bc8  ti_sysbios_BIOS_RtsGateProxy_Handle__label__S              
00013bc8  ti_sysbios_gates_GateMutex_Handle__label__S                
00013bc8  ti_sysbios_heaps_HeapMem_Module_GateProxy_Handle__label__S 
00013be6  ti_sysbios_heaps_HeapMem_Handle__label__S                  
00013be6  xdc_runtime_Memory_HeapProxy_Handle__label__S              
00013c04  ti_sysbios_knl_Task_enter__I                               
00013c22  ti_catalog_msp430_init_Boot_configureDCO_CS_A              
00013c3e  GPIO_setOutputHighOnPin                                    
00013c5a  GPIO_setOutputLowOnPin                                     
00013c76  GPIO_toggleOutputOnPin                                     
00013c92  _ti_sysbios_family_msp430_TaskSupport_swap__E              
00013c92  ti_sysbios_family_msp430_TaskSupport_swap__E               
00013c92  ti_sysbios_knl_Task_SupportProxy_swap__E                   
00013cca  lightBarrier_Task                                          
00013ce6  ti_sysbios_family_msp430_Hwi_Module__startupDone__F        
00013ce6  ti_sysbios_family_msp430_Hwi_Module__startupDone__S        
00013ce6  ti_sysbios_hal_Hwi_HwiProxy_Module__startupDone__S         
00013d02  ti_sysbios_family_msp430_Timer_Module__startupDone__F      
00013d02  ti_sysbios_family_msp430_Timer_Module__startupDone__S      
00013d02  ti_sysbios_knl_Clock_TimerProxy_Module__startupDone__S     
00013d1e  ti_sysbios_knl_Task_unblock__E                             
00013d3a  ti_sysbios_BIOS_exitFunc__I                                
00013d54  ti_sysbios_BIOS_registerRTSLock__I                         
00013d6e  ti_sysbios_BIOS_removeRTSLock__I                           
00013d88  ti_sysbios_knl_Semaphore_Object__destruct__S               
00013da2  heartBeat_Task                                             
00013dba  __mspabi_mpyi_f5hw                                         
00013dd2  ti_sysbios_BIOS_setThreadType__E                           
00013dea  ti_sysbios_knl_Queue_Object__destruct__S                   
00013e02  memset                                                     
00013e18  __mspabi_divu                                              
00013e18  __mspabi_remu                                              
00013e2e  user_button_isr                                            
00013e44  xdc_runtime_System_abort__E                                
00013e5a  memcpy                                                     
00013e6e  ti_sysbios_knl_Queue_Object__get__S                        
00013e82  xdc_runtime_Memory_calloc__E                               
00013e96  xdc_runtime_Startup_exec__I                                
00013eaa  xdc_runtime_Text_ropeText__E                               
00013ebe  __TI_decompress_none                                       
00013ed0  ti_sysbios_gates_GateHwi_leave__E                          
00013ee2  ti_sysbios_gates_GateMutex_Instance_finalize__E            
00013ef4  ti_sysbios_knl_Semaphore_Instance_finalize__E              
00013f06  xdc_runtime_System_exit__E                                 
00013f18  DMA_enableTransfers                                        
00013f28  _ti_sysbios_family_msp430_TaskSupport_glue                 
00013f28  ti_sysbios_family_msp430_TaskSupport_glue                  
00013f38  ti_sysbios_family_msp430_TaskSupport_checkStack__E         
00013f38  ti_sysbios_knl_Task_SupportProxy_checkStack__E             
00013f48  ti_sysbios_hal_Hwi_Module_startup__E                       
00013f58  DMA_clearInterrupt                                         
00013f66  DMA_disableInterrupt                                       
00013f74  DMA_enableInterrupt                                        
00013f82  DMA_getInterruptStatus                                     
00013f90  EUSCI_B_SPI_clearInterrupt                                 
00013f9e  EUSCI_B_SPI_disableInterrupt                               
00013fac  rfid_Task                                                  
00013fba  ti_sysbios_family_msp430_Timer_getMaxTicks__E              
00013fc8  ti_sysbios_knl_Queue_empty__E                              
00013fd6  ti_sysbios_knl_Swi_disable__E                              
00013fe4  ti_sysbios_knl_Task_disable__E                             
00013ff2  ti_catalog_msp430_init_Boot_init                           
00013ff2  xdc_runtime_Startup_reset__I                               
00013ffe  _nop                                                       
ffffffff  __TI_pprof_out_hndl                                        
ffffffff  __TI_prof_data_size                                        
ffffffff  __TI_prof_data_start                                       
ffffffff  __c_args__                                                 
UNDEFED   __TI_INITARRAY_Base                                        
UNDEFED   __TI_INITARRAY_Limit                                       

[1279 symbols]
